📊 Record Statistics:
   Total Ticks: 1200
   Actions: 0
   Client Events: 300
   Lifecycle Events: 5
   Ticks with State Hash: 1200

🖥️  Current Hardware Info:
   CPU Architecture: arm64
   OS: macOS 25G83)
   CPU Model: Apple M2
   CPU Cores: 8
   Swift Version: 6.3

🔄 Re-evaluation Results:
   Processed Ticks: 1200
   Emitted Server Events: 96
   Final Tick Hash: cea3ae523d0490dc

❌ Verification failed: mismatched ticks vs recorded=100
  tick 600: computed=c695d8839c127992 recorded=a101b87ae58037df
  tick 601: computed=d9a7caae2879c320 recorded=b836c19d77c31b6c
  tick 602: computed=63a124bd6af10a8c recorded=44003156d07c0ed4
  tick 603: computed=2f1bba52936c46da recorded=ed538d9183630afb
  tick 604: computed=f4c64bdca1de576c recorded=a605d775d28b8578
  tick 605: computed=25241136e1e26212 recorded=b60e5d99ebff8d0c
  tick 606: computed=481bec5e2797304f recorded=c483bcd943105547
  tick 607: computed=24dcb418ad9715a8 recorded=fa853329ee2022d8
  tick 608: computed=84a86f9bcd33e2c9 recorded=2c07de14ff2abc09
  tick 609: computed=7a5dea4c5effcf58 recorded=2205a41bcc47bf63
