📊 Record Statistics:
   Total Ticks: 1200
   Actions: 0
   Client Events: 300
   Lifecycle Events: 5
   Ticks with State Hash: 1200

🖥️  Current Hardware Info:
   CPU Architecture: arm64
   OS: macOS 25G83)
   CPU Model: Apple M2
   CPU Cores: 8
   Swift Version: 6.3

🔄 Re-evaluation Results:
   Processed Ticks: 1200
   Emitted Server Events: 96
   Final Tick Hash: cea3ae523d0490dc

❌ Verification failed: mismatched ticks vs recorded=46
  tick 600: computed=c1dd443d5d99e024 recorded=a101b87ae58037df
  tick 601: computed=756276c9f7e2dadf recorded=b836c19d77c31b6c
  tick 602: computed=e1cc727c89af9d26 recorded=44003156d07c0ed4
  tick 603: computed=9bf26d741ec973ae recorded=ed538d9183630afb
  tick 604: computed=f7531c674efadabe recorded=a605d775d28b8578
  tick 605: computed=bbf27fb0ad3b1f6c recorded=b60e5d99ebff8d0c
  tick 606: computed=d569c5e3e3ea332c recorded=c483bcd943105547
  tick 607: computed=8af083015b8d925a recorded=fa853329ee2022d8
  tick 608: computed=a8e540c3552d4df6 recorded=2c07de14ff2abc09
  tick 609: computed=da3c806e4a005bc2 recorded=2205a41bcc47bf63
