📊 Record Statistics:
   Total Ticks: 1200
   Actions: 0
   Client Events: 300
   Lifecycle Events: 5
   Ticks with State Hash: 1200

🖥️  Current Hardware Info:
   CPU Architecture: arm64
   OS: macOS 25G83)
   CPU Model: Apple M2
   CPU Cores: 8
   Swift Version: 6.3

🔄 Re-evaluation Results:
   Processed Ticks: 1200
   Emitted Server Events: 98
   Final Tick Hash: b9acb9ae6c2d39a0

❌ Verification failed: mismatched ticks vs recorded=98
  tick 600: computed=747e44a4d076565c recorded=8e8d28756ab76e35
  tick 601: computed=87e5df61015a575e recorded=08c6530150c4e2e8
  tick 602: computed=579034c6b79d0d64 recorded=cea5111dfbed76be
  tick 603: computed=cb329f6e62dc8de0 recorded=902aff9bdc67c3f1
  tick 604: computed=ccfc7aac425e4a31 recorded=bc9c4c5e91628cc9
  tick 605: computed=7f359e19fb9b66e5 recorded=f81dc4e7c7e6f65d
  tick 606: computed=6042c904b2502287 recorded=0e369dc9bd2e6531
  tick 607: computed=a665c247cf9a931a recorded=cfb839244d6f14fc
  tick 608: computed=51d8eec45c93140d recorded=1c9ee4e2f35748f9
  tick 609: computed=a9bad84e88f48bbb recorded=0f47bc7be4e74a1f
