📊 Record Statistics:
   Total Ticks: 1200
   Actions: 0
   Client Events: 300
   Lifecycle Events: 5
   Ticks with State Hash: 1200

🖥️  Current Hardware Info:
   CPU Architecture: arm64
   OS: macOS 25G83)
   CPU Model: Apple M2
   CPU Cores: 8
   Swift Version: 6.3

🔄 Re-evaluation Results:
   Processed Ticks: 1200
   Emitted Server Events: 97
   Final Tick Hash: d590e9ca1191c055

❌ Verification failed: mismatched ticks vs recorded=46
  tick 600: computed=cea6c58dfdc7d292 recorded=abd5376fd54ee1b1
  tick 601: computed=5866a749d24abf46 recorded=3dd6179c6f1c8935
  tick 602: computed=a16ff9d18f4545af recorded=261e4f4760dab7b3
  tick 603: computed=d16624c1f999a7b3 recorded=37a749e2afac3144
  tick 604: computed=f1f73395d2551086 recorded=33d3ebf8d8ba41a0
  tick 605: computed=a56bce85bd7bb720 recorded=9467d22840b9dc62
  tick 606: computed=8d68fa43ebe4dbc1 recorded=e0a357223543ca10
  tick 607: computed=25eed62391b94397 recorded=d1539a02f7e98a47
  tick 608: computed=f67cd646f5390376 recorded=2195f2b23f0f2713
  tick 609: computed=93a731661e58cc95 recorded=65a76c3402e34d28
