📊 Record Statistics:
   Total Ticks: 1200
   Actions: 0
   Client Events: 300
   Lifecycle Events: 5
   Ticks with State Hash: 1200

🖥️  Current Hardware Info:
   CPU Architecture: arm64
   OS: macOS 25G83)
   CPU Model: Apple M2
   CPU Cores: 8
   Swift Version: 6.3

🔄 Re-evaluation Results:
   Processed Ticks: 1200
   Emitted Server Events: 99
   Final Tick Hash: 884e244d9ac8c97a

❌ Verification failed: mismatched ticks vs recorded=46
  tick 600: computed=370ad16a5799f24d recorded=cc86c93a7a6be2d6
  tick 601: computed=df67ca72dc71d754 recorded=7a71f6fee554220b
  tick 602: computed=f4869f25917ce7ca recorded=fec358dbe7cfac42
  tick 603: computed=52a91fbe78fc43a1 recorded=975ac62155a2bf2a
  tick 604: computed=c89b570a123a1c29 recorded=5444afc743aae5bb
  tick 605: computed=9cfbb18a5314032c recorded=e98fb8b330c6d8ca
  tick 606: computed=46c10ebc1d4c0172 recorded=7a62f0c53be142d7
  tick 607: computed=7f3640cb364dbabc recorded=021a80e6cbf3da50
  tick 608: computed=a7283cf70258d91d recorded=aa76e9e62528e4ac
  tick 609: computed=038aedeb0c7d6e06 recorded=a4f66565f2767a63
