📊 Record Statistics:
   Total Ticks: 1200
   Actions: 0
   Client Events: 300
   Lifecycle Events: 5
   Ticks with State Hash: 1200

🖥️  Current Hardware Info:
   CPU Architecture: arm64
   OS: macOS 25G83)
   CPU Model: Apple M2
   CPU Cores: 8
   Swift Version: 6.3

🔄 Re-evaluation Results:
   Processed Ticks: 1200
   Emitted Server Events: 95
   Final Tick Hash: e0a559fed77b6096

❌ Verification failed: mismatched ticks vs recorded=100
  tick 600: computed=f539b369c991dc78 recorded=110d34804f2b62a5
  tick 601: computed=0869389332109735 recorded=4dd4bbd48413bfe3
  tick 602: computed=281c512bfd784813 recorded=bf568b45867cd2c9
  tick 603: computed=473fe8ba0b3cdb94 recorded=b04634ef0c212f1d
  tick 604: computed=59e18c8694f88e2b recorded=383bf0b4c3ebe11b
  tick 605: computed=0b30a18f8560dac6 recorded=1f4e8f1fa3f8c320
  tick 606: computed=16836eaf556dbee7 recorded=c27b2b73549b6e39
  tick 607: computed=11455b19f0ffa453 recorded=5ff9a032045852bf
  tick 608: computed=d87eb14f05f2318c recorded=b04004bc7a68565e
  tick 609: computed=86b66924839807a7 recorded=597997307975552e
