📊 Record Statistics:
   Total Ticks: 1200
   Actions: 0
   Client Events: 300
   Lifecycle Events: 5
   Ticks with State Hash: 1200

🖥️  Current Hardware Info:
   CPU Architecture: arm64
   OS: macOS 25G83)
   CPU Model: Apple M2
   CPU Cores: 8
   Swift Version: 6.3

🔄 Re-evaluation Results:
   Processed Ticks: 1200
   Emitted Server Events: 98
   Final Tick Hash: a0d9eca767d1e6bd

❌ Verification failed: mismatched ticks vs recorded=46
  tick 600: computed=41c59e048258a1d0 recorded=1a218a6f7e4bf44b
  tick 601: computed=bfe6432f96025403 recorded=4153e2e940b66348
  tick 602: computed=5ab29e54909f9060 recorded=30bdc902721758a8
  tick 603: computed=f5a2e29d9e00e9e5 recorded=506129ab8453213a
  tick 604: computed=ee82629483136580 recorded=d55187982fa2ecce
  tick 605: computed=f228976c0881644a recorded=e809e658b038c95c
  tick 606: computed=f23c7ff7f0f938e9 recorded=6b140878e4167c7d
  tick 607: computed=2b01db4170f9b8e2 recorded=99f1e2422af155ae
  tick 608: computed=1c777dbd9f894356 recorded=2bd291c8890efc7f
  tick 609: computed=13b45fcfbc25b310 recorded=6f864c260d65b9e9
