📊 Record Statistics:
   Total Ticks: 1200
   Actions: 0
   Client Events: 300
   Lifecycle Events: 5
   Ticks with State Hash: 1200

🖥️  Current Hardware Info:
   CPU Architecture: arm64
   OS: macOS 25G83)
   CPU Model: Apple M2
   CPU Cores: 8
   Swift Version: 6.3

🔄 Re-evaluation Results:
   Processed Ticks: 1200
   Emitted Server Events: 99
   Final Tick Hash: 884e244d9ac8c97a

❌ Verification failed: mismatched ticks vs recorded=100
  tick 600: computed=623ef1f1fcb552e3 recorded=cc86c93a7a6be2d6
  tick 601: computed=3e80a2ffacf763bd recorded=7a71f6fee554220b
  tick 602: computed=020d99827b4958be recorded=fec358dbe7cfac42
  tick 603: computed=53231b806037716f recorded=975ac62155a2bf2a
  tick 604: computed=9810e39b509d62b1 recorded=5444afc743aae5bb
  tick 605: computed=d5ee3b7cdf925136 recorded=e98fb8b330c6d8ca
  tick 606: computed=1736f8144475fb3b recorded=7a62f0c53be142d7
  tick 607: computed=24e7e69013a63448 recorded=021a80e6cbf3da50
  tick 608: computed=6a1748220aa1eb38 recorded=aa76e9e62528e4ac
  tick 609: computed=35b54e9f9d78a0fe recorded=a4f66565f2767a63
