📊 Record Statistics:
   Total Ticks: 1200
   Actions: 0
   Client Events: 300
   Lifecycle Events: 5
   Ticks with State Hash: 1200

🖥️  Current Hardware Info:
   CPU Architecture: arm64
   OS: macOS 25G83)
   CPU Model: Apple M2
   CPU Cores: 8
   Swift Version: 6.3

🔄 Re-evaluation Results:
   Processed Ticks: 1200
   Emitted Server Events: 98
   Final Tick Hash: fa5bba3f5bde8576

❌ Verification failed: mismatched ticks vs recorded=100
  tick 600: computed=c271f0c0536c151d recorded=d5f628c9ff0b21a0
  tick 601: computed=6fb6aa9534e5ba88 recorded=565a7b0823556146
  tick 602: computed=040ff15f8d1847f6 recorded=fb701fc7e6368020
  tick 603: computed=74815221e43c9e30 recorded=eb9ce2d7bd734209
  tick 604: computed=1dde3fbc806e7cdd recorded=656034664132b869
  tick 605: computed=50a8fa53b6f02873 recorded=ce30e33751fb2bca
  tick 606: computed=4defbb3a628bbe2b recorded=5550b7780b1bdb09
  tick 607: computed=141c5fd8332c40b5 recorded=056c984d84cc2c89
  tick 608: computed=bae725da991f4e5b recorded=d2bbc9f21590726b
  tick 609: computed=2aa3954854910b83 recorded=b3dbc27312728c92
