📊 Record Statistics:
   Total Ticks: 1200
   Actions: 0
   Client Events: 300
   Lifecycle Events: 5
   Ticks with State Hash: 1200

🖥️  Current Hardware Info:
   CPU Architecture: arm64
   OS: macOS 25G83)
   CPU Model: Apple M2
   CPU Cores: 8
   Swift Version: 6.3

🔄 Re-evaluation Results:
   Processed Ticks: 1200
   Emitted Server Events: 97
   Final Tick Hash: d590e9ca1191c055

❌ Verification failed: mismatched ticks vs recorded=135
  tick 600: computed=97011de3bccd6410 recorded=abd5376fd54ee1b1
  tick 601: computed=8751ffbdd77966d7 recorded=3dd6179c6f1c8935
  tick 602: computed=bc92d14192f6a137 recorded=261e4f4760dab7b3
  tick 603: computed=577259b1e8ff784f recorded=37a749e2afac3144
  tick 604: computed=2f9c91480efe8558 recorded=33d3ebf8d8ba41a0
  tick 605: computed=df61cc1601cdc7a8 recorded=9467d22840b9dc62
  tick 606: computed=8c6ab82566bb74d4 recorded=e0a357223543ca10
  tick 607: computed=1d2a36a7a25bda0b recorded=d1539a02f7e98a47
  tick 608: computed=e30cc8b8a6e8f09f recorded=2195f2b23f0f2713
  tick 609: computed=e10bf09a355a016d recorded=65a76c3402e34d28
