📊 Record Statistics:
   Total Ticks: 1200
   Actions: 0
   Client Events: 300
   Lifecycle Events: 5
   Ticks with State Hash: 1200

🖥️  Current Hardware Info:
   CPU Architecture: arm64
   OS: macOS 25G83)
   CPU Model: Apple M2
   CPU Cores: 8
   Swift Version: 6.3

🔄 Re-evaluation Results:
   Processed Ticks: 1200
   Emitted Server Events: 98
   Final Tick Hash: 25bd1d963a3d259b

❌ Verification failed: mismatched ticks vs recorded=541
  tick 600: computed=06edbbc787196236 recorded=cd0395ea81ff978f
  tick 601: computed=e5c33164a1a7e3c7 recorded=2617719e73847afd
  tick 602: computed=bb0f65460c735ceb recorded=a86e149548eb4ed5
  tick 603: computed=9d46b62ace76c990 recorded=4adc32daf89f11ef
  tick 604: computed=ff3edd2fc4afea7e recorded=c1358b17339657a2
  tick 605: computed=9f93a008b3d38eb8 recorded=9a9213cd87115110
  tick 606: computed=5ad72ba89899fd38 recorded=c68af0bd057d9256
  tick 607: computed=5748725b3041870d recorded=628ffe8fe6bdfadf
  tick 608: computed=bd8eda94a48dbbbd recorded=54ffe3584815f7d3
  tick 609: computed=e13b4afc0efd6713 recorded=606f81d07bda291c
