📊 Record Statistics:
   Total Ticks: 1200
   Actions: 0
   Client Events: 300
   Lifecycle Events: 5
   Ticks with State Hash: 1200

🖥️  Current Hardware Info:
   CPU Architecture: arm64
   OS: macOS 25G83)
   CPU Model: Apple M2
   CPU Cores: 8
   Swift Version: 6.3

🔄 Re-evaluation Results:
   Processed Ticks: 1200
   Emitted Server Events: 96
   Final Tick Hash: c86ac11612370f02

❌ Verification failed: mismatched ticks vs recorded=46
  tick 600: computed=c7e418711a63135c recorded=71dad6fcba1d6c57
  tick 601: computed=cfe299c439b9c5e8 recorded=22e236484fa58b4b
  tick 602: computed=8a88dbb19f51cbbc recorded=4bfe07eacfdf3c18
  tick 603: computed=8d759a7cb3852381 recorded=bdaeec8a7ef9f2c2
  tick 604: computed=c89932cfb678bff7 recorded=f8966d4140aedfe9
  tick 605: computed=728b915fb41e3c90 recorded=bc6178a28a8ee28e
  tick 606: computed=43b41ab6d77b6589 recorded=1562bed73c8aaef6
  tick 607: computed=c257144096da5eb8 recorded=4380316ed326855c
  tick 608: computed=60547cf7c69c25e0 recorded=a73ea8ab3be5fab5
  tick 609: computed=3824b2d2e1920bc0 recorded=df0bd672b5cf73f1
