📊 Record Statistics:
   Total Ticks: 1200
   Actions: 0
   Client Events: 300
   Lifecycle Events: 5
   Ticks with State Hash: 1200

🖥️  Current Hardware Info:
   CPU Architecture: arm64
   OS: macOS 25G83)
   CPU Model: Apple M2
   CPU Cores: 8
   Swift Version: 6.3

🔄 Re-evaluation Results:
   Processed Ticks: 1200
   Emitted Server Events: 95
   Final Tick Hash: 3f56146e355ee401

❌ Verification failed: mismatched ticks vs recorded=100
  tick 600: computed=208b46fa4eee7dc7 recorded=f0e37c3e7617aade
  tick 601: computed=7428d6f68f3db8a0 recorded=a6ec9b74b2caa18a
  tick 602: computed=9925ec6e0c89deb0 recorded=2ef72f30dfb1677e
  tick 603: computed=7384c2f0003f4713 recorded=1cde9a6181ec3c20
  tick 604: computed=5c8201445bc8fc30 recorded=b449b2c9c965c32d
  tick 605: computed=9dc92802c0b5d328 recorded=9372126853477fe6
  tick 606: computed=0c0b923706d3b55e recorded=70c1776fcf2cbeda
  tick 607: computed=5cb03a738bcb2c33 recorded=9ec704026874b527
  tick 608: computed=d2f4784b4ec3f746 recorded=568e98fbac0dc940
  tick 609: computed=a4a92c2fc392de39 recorded=ea0477a096760908
